Created by PLY version 3.11 (http://www.dabeaz.com/ply)

Grammar

Rule 0     S' -> expr
Rule 1     expr -> expr PLUS term
Rule 2     expr -> expr MINUS term
Rule 3     expr -> term
Rule 4     term -> NUMBER

Terminals, with rules where they appear

MINUS                : 2
NUMBER               : 4
PLUS                 : 1
error                : 

Nonterminals, with rules where they appear

expr                 : 1 2 0
term                 : 1 2 3

Parsing method: LALR

state 0

    (0) S' -> . expr
    (1) expr -> . expr PLUS term
    (2) expr -> . expr MINUS term
    (3) expr -> . term
    (4) term -> . NUMBER

    NUMBER          shift and go to state 3

    expr                           shift and go to state 1
    term                           shift and go to state 2

state 1

    (0) S' -> expr .
    (1) expr -> expr . PLUS term
    (2) expr -> expr . MINUS term

    PLUS            shift and go to state 4
    MINUS           shift and go to state 5


state 2

    (3) expr -> term .

    PLUS            reduce using rule 3 (expr -> term .)
    MINUS           reduce using rule 3 (expr -> term .)
    $end            reduce using rule 3 (expr -> term .)


state 3

    (4) term -> NUMBER .

    PLUS            reduce using rule 4 (term -> NUMBER .)
    MINUS           reduce using rule 4 (term -> NUMBER .)
    $end            reduce using rule 4 (term -> NUMBER .)


state 4

    (1) expr -> expr PLUS . term
    (4) term -> . NUMBER

    NUMBER          shift and go to state 3

    term                           shift and go to state 6

state 5

    (2) expr -> expr MINUS . term
    (4) term -> . NUMBER

    NUMBER          shift and go to state 3

    term                           shift and go to state 7

state 6

    (1) expr -> expr PLUS term .

    PLUS            reduce using rule 1 (expr -> expr PLUS term .)
    MINUS           reduce using rule 1 (expr -> expr PLUS term .)
    $end            reduce using rule 1 (expr -> expr PLUS term .)


state 7

    (2) expr -> expr MINUS term .

    PLUS            reduce using rule 2 (expr -> expr MINUS term .)
    MINUS           reduce using rule 2 (expr -> expr MINUS term .)
    $end            reduce using rule 2 (expr -> expr MINUS term .)

